// Jest Snapshot v1, https://goo.gl/fbAQLP

exports[`render Not Found Page correctly 1`] = `
<div>
  404 - 
  <Link
    replace={false}
    to="/"
  >
    Home
  </Link>
</div>
`;
